// Jest Snapshot v1, https://goo.gl/fbAQLP

exports[`should render Backdrop correctly 1`] = `
<div
  className="backdrop"
  onClick={[Function]}
/>
`;
